../Core/Src/led_states.c:14:6:state_init	8	static
../Core/Src/led_states.c:19:6:state_red	8	static
../Core/Src/led_states.c:24:6:state_green	8	static
../Core/Src/led_states.c:31:6:state_yellow	8	static
../Core/Src/led_states.c:37:6:state_init1	8	static
../Core/Src/led_states.c:43:6:state_red1	8	static
../Core/Src/led_states.c:47:6:state_green1	8	static
../Core/Src/led_states.c:51:6:state_yellow1	8	static
../Core/Src/led_states.c:56:6:blinkind_led_traffic_x	8	static
../Core/Src/led_states.c:79:6:blinkind_led_traffic_y	8	static
