../Core/Src/led_states.c:14:6:state_init	8	static
../Core/Src/led_states.c:22:6:state_red	8	static
../Core/Src/led_states.c:30:6:state_green	8	static
../Core/Src/led_states.c:40:6:state_yellow	8	static
../Core/Src/led_states.c:49:6:state_init1	8	static
../Core/Src/led_states.c:58:6:state_red1	8	static
../Core/Src/led_states.c:65:6:state_green1	8	static
../Core/Src/led_states.c:72:6:state_yellow1	8	static
../Core/Src/led_states.c:124:6:blinkind_led_traffic_x	8	static
../Core/Src/led_states.c:159:6:blinkind_led_traffic_y	8	static
